../Core/Src/main.c:80:5:main	8	static
../Core/Src/main.c:135:6:SystemClock_Config	96	static
../Core/Src/main.c:192:13:MX_I2C3_Init	8	static
../Core/Src/main.c:238:13:MX_SPI2_Init	8	static
../Core/Src/main.c:278:13:MX_SPI3_Init	8	static
../Core/Src/main.c:318:13:MX_TIM2_Init	64	static
../Core/Src/main.c:376:13:MX_USART2_UART_Init	8	static
../Core/Src/main.c:411:13:MX_USART3_UART_Init	8	static
../Core/Src/main.c:446:13:MX_GPIO_Init	48	static
../Core/Src/main.c:581:6:Error_Handler	4	static,ignoring_inline_asm
