C:\ST\STM32CubeIDE_1.13.2\STM32CubeIDE\plugins\com.st.stm32cube.ide.mcu.externaltools.gnu-tools-for-stm32.11.3.rel1.win32_1.1.1.202309131626\tools\arm-none-eabi\include\c++\11.3.1\arm-none-eabi\thumb\v7e-m+fp\hard\bits\gthr-default.h:229:1:int __gthread_key_delete(__gthread_key_t)	16	static
C:\ST\STM32CubeIDE_1.13.2\STM32CubeIDE\plugins\com.st.stm32cube.ide.mcu.externaltools.gnu-tools-for-stm32.11.3.rel1.win32_1.1.1.202309131626\tools\bin/../lib/gcc/arm-none-eabi/11.3.1/../../../../arm-none-eabi/include/c++/11.3.1/bits/std_function.h:241:5:std::_Function_base::~_Function_base()	16	static
C:\ST\STM32CubeIDE_1.13.2\STM32CubeIDE\plugins\com.st.stm32cube.ide.mcu.externaltools.gnu-tools-for-stm32.11.3.rel1.win32_1.1.1.202309131626\tools\bin/../lib/gcc/arm-none-eabi/11.3.1/../../../../arm-none-eabi/include/c++/11.3.1/bits/std_function.h:247:10:bool std::_Function_base::_M_empty() const	16	static
C:/Users/stues/Documents/DESEM/7_Project/DESEM_project/work/desenet-sensor/src/common/mdw/desenet/networkinterfacedriver.h:141:9:desenet::NetworkInterfaceDriver::NetworkInterfaceDriver()	16	static
C:/Users/stues/Documents/DESEM/7_Project/DESEM_project/work/desenet-sensor/src/common/mdw/desenet/frame.h:149:21:std::size_t desenet::Frame::length() const	16	static
C:/Users/stues/Documents/DESEM/7_Project/DESEM_project/work/desenet-sensor/src/common/mdw/desenet/frame.h:210:29:const uint8_t* desenet::Frame::buffer() const	16	static
C:/Users/stues/Documents/DESEM/7_Project/DESEM_project/work/desenet-sensor/src/common/platform/nucleo-stm32l476rg/board/transceiver/iphyobserver.h:23:11:IPhyObserver::IPhyObserver()	16	static
C:/Users/stues/Documents/DESEM/7_Project/DESEM_project/work/desenet-sensor/src/common/platform/nucleo-stm32l476rg/desenet/nrftransceiverdriver.cpp:15:30:void __tcf_0()	8	static
C:/Users/stues/Documents/DESEM/7_Project/DESEM_project/work/desenet-sensor/src/common/platform/nucleo-stm32l476rg/desenet/nrftransceiverdriver.cpp:11:35:desenet::NetworkInterfaceDriver* instanciateNic(uint32_t, const string&)	16	static
C:\ST\STM32CubeIDE_1.13.2\STM32CubeIDE\plugins\com.st.stm32cube.ide.mcu.externaltools.gnu-tools-for-stm32.11.3.rel1.win32_1.1.1.202309131626\tools\bin/../lib/gcc/arm-none-eabi/11.3.1/../../../../arm-none-eabi/include/c++/11.3.1/bits/std_function.h:334:11:std::function<void(desenet::NetworkInterfaceDriver&, long unsigned int, const unsigned char*, unsigned int)>::~function()	16	static
C:/Users/stues/Documents/DESEM/7_Project/DESEM_project/work/desenet-sensor/src/common/platform/nucleo-stm32l476rg/desenet/nrftransceiverdriver.cpp:20:1:desenet::NrfTransceiverDriver::NrfTransceiverDriver()	16	static
C:/Users/stues/Documents/DESEM/7_Project/DESEM_project/work/desenet-sensor/src/common/platform/nucleo-stm32l476rg/desenet/nrftransceiverdriver.cpp:27:1:desenet::NrfTransceiverDriver::~NrfTransceiverDriver()	16	static
C:/Users/stues/Documents/DESEM/7_Project/DESEM_project/work/desenet-sensor/src/common/platform/nucleo-stm32l476rg/desenet/nrftransceiverdriver.cpp:27:1:virtual desenet::NrfTransceiverDriver::~NrfTransceiverDriver()	16	static
C:/Users/stues/Documents/DESEM/7_Project/DESEM_project/work/desenet-sensor/src/common/platform/nucleo-stm32l476rg/desenet/nrftransceiverdriver.cpp:32:6:virtual bool desenet::NrfTransceiverDriver::initialize()	16	static
C:/Users/stues/Documents/DESEM/7_Project/DESEM_project/work/desenet-sensor/src/common/platform/nucleo-stm32l476rg/desenet/nrftransceiverdriver.cpp:43:6:virtual bool desenet::NrfTransceiverDriver::isInitialized() const	16	static
C:/Users/stues/Documents/DESEM/7_Project/DESEM_project/work/desenet-sensor/src/common/platform/nucleo-stm32l476rg/desenet/nrftransceiverdriver.cpp:48:29:virtual std::array<unsigned char, 4> desenet::NrfTransceiverDriver::localAddress() const	24	static
C:/Users/stues/Documents/DESEM/7_Project/DESEM_project/work/desenet-sensor/src/common/platform/nucleo-stm32l476rg/desenet/nrftransceiverdriver.cpp:59:6:virtual bool desenet::NrfTransceiverDriver::transmit(const uint8_t*, std::size_t)	32	static
C:/Users/stues/Documents/DESEM/7_Project/DESEM_project/work/desenet-sensor/src/common/platform/nucleo-stm32l476rg/desenet/nrftransceiverdriver.cpp:66:6:virtual void desenet::NrfTransceiverDriver::setReceptionHandler(desenet::NetworkInterfaceDriver::ReceptionCallbackHandler)	16	static
C:/Users/stues/Documents/DESEM/7_Project/DESEM_project/work/desenet-sensor/src/common/platform/nucleo-stm32l476rg/desenet/nrftransceiverdriver.cpp:71:13:virtual std::string desenet::NrfTransceiverDriver::identifier() const	24	static
C:/Users/stues/Documents/DESEM/7_Project/DESEM_project/work/desenet-sensor/src/common/platform/nucleo-stm32l476rg/desenet/nrftransceiverdriver.cpp:76:13:virtual std::string desenet::NrfTransceiverDriver::friendlyName() const	24	static
C:/Users/stues/Documents/DESEM/7_Project/DESEM_project/work/desenet-sensor/src/common/platform/nucleo-stm32l476rg/desenet/nrftransceiverdriver.cpp:81:35:virtual desenet::NetworkInterfaceDriver* desenet::NrfTransceiverDriver::instanciate() const	16	static
C:/Users/stues/Documents/DESEM/7_Project/DESEM_project/work/desenet-sensor/src/common/platform/nucleo-stm32l476rg/desenet/nrftransceiverdriver.cpp:86:6:virtual void desenet::NrfTransceiverDriver::onReceive(const desenet::Frame&)	48	static
C:/Users/stues/Documents/DESEM/7_Project/DESEM_project/work/desenet-sensor/src/common/platform/nucleo-stm32l476rg/desenet/nrftransceiverdriver.cpp:95:6:virtual void desenet::NrfTransceiverDriver::onSendStatus(IPhyObserver::SendStatus)	16	static
C:\ST\STM32CubeIDE_1.13.2\STM32CubeIDE\plugins\com.st.stm32cube.ide.mcu.externaltools.gnu-tools-for-stm32.11.3.rel1.win32_1.1.1.202309131626\tools\bin/../lib/gcc/arm-none-eabi/11.3.1/../../../../arm-none-eabi/include/c++/11.3.1/initializer_list:71:7:constexpr std::initializer_list<_E>::size_type std::initializer_list<_E>::size() const [with _E = unsigned char]	16	static
C:/Users/stues/Documents/DESEM/7_Project/DESEM_project/work/desenet-sensor/src/common/mdw/desenet/address.hpp:47:2:phy::Address<size>::Address(std::initializer_list<unsigned char>) [with unsigned int size = 4]	32	static
C:/Users/stues/Documents/DESEM/7_Project/DESEM_project/work/desenet-sensor/src/common/mdw/containers/sharedbuffer.hpp:259:22:const T* hei::SharedBuffer<T>::data() const [with T = unsigned char]	16	static
C:\ST\STM32CubeIDE_1.13.2\STM32CubeIDE\plugins\com.st.stm32cube.ide.mcu.externaltools.gnu-tools-for-stm32.11.3.rel1.win32_1.1.1.202309131626\tools\bin/../lib/gcc/arm-none-eabi/11.3.1/../../../../arm-none-eabi/include/c++/11.3.1/bits/std_function.h:239:5:constexpr std::_Function_base::_Function_base()	16	static
C:\ST\STM32CubeIDE_1.13.2\STM32CubeIDE\plugins\com.st.stm32cube.ide.mcu.externaltools.gnu-tools-for-stm32.11.3.rel1.win32_1.1.1.202309131626\tools\bin/../lib/gcc/arm-none-eabi/11.3.1/../../../../arm-none-eabi/include/c++/11.3.1/bits/std_function.h:375:7:)>::function(std::nullptr_t) [with _Res = void; _ArgTypes = {desenet::NetworkInterfaceDriver&, long unsigned int, const unsigned char*, unsigned int}]	16	static
C:\ST\STM32CubeIDE_1.13.2\STM32CubeIDE\plugins\com.st.stm32cube.ide.mcu.externaltools.gnu-tools-for-stm32.11.3.rel1.win32_1.1.1.202309131626\tools\bin/../lib/gcc/arm-none-eabi/11.3.1/../../../../arm-none-eabi/include/c++/11.3.1/array:257:7:std::array<_Tp, _Nm>::value_type* std::array<_Tp, _Nm>::data() [with _Tp = unsigned char; unsigned int _Nm = 4]	16	static
C:/Users/stues/Documents/DESEM/7_Project/DESEM_project/work/desenet-sensor/src/common/mdw/desenet/address.hpp:129:7:void phy::Address<size>::copyTo(uint8_t*) const [with unsigned int size = 4]	16	static
C:\ST\STM32CubeIDE_1.13.2\STM32CubeIDE\plugins\com.st.stm32cube.ide.mcu.externaltools.gnu-tools-for-stm32.11.3.rel1.win32_1.1.1.202309131626\tools\bin/../lib/gcc/arm-none-eabi/11.3.1/../../../../arm-none-eabi/include/c++/11.3.1/bits/std_function.h:469:7:)>&) [with _Res = void; _ArgTypes = {desenet::NetworkInterfaceDriver&, long unsigned int, const unsigned char*, unsigned int}]	32	static
C:\ST\STM32CubeIDE_1.13.2\STM32CubeIDE\plugins\com.st.stm32cube.ide.mcu.externaltools.gnu-tools-for-stm32.11.3.rel1.win32_1.1.1.202309131626\tools\bin/../lib/gcc/arm-none-eabi/11.3.1/../../../../arm-none-eabi/include/c++/11.3.1/bits/std_function.h:572:16:)>::operator bool() const [with _Res = void; _ArgTypes = {desenet::NetworkInterfaceDriver&, long unsigned int, const unsigned char*, unsigned int}]	16	static
C:\ST\STM32CubeIDE_1.13.2\STM32CubeIDE\plugins\com.st.stm32cube.ide.mcu.externaltools.gnu-tools-for-stm32.11.3.rel1.win32_1.1.1.202309131626\tools\bin/../lib/gcc/arm-none-eabi/11.3.1/../../../../arm-none-eabi/include/c++/11.3.1/bits/std_function.h:586:7:) const [with _Res = void; _ArgTypes = {desenet::NetworkInterfaceDriver&, long unsigned int, const unsigned char*, unsigned int}]	56	static
C:\ST\STM32CubeIDE_1.13.2\STM32CubeIDE\plugins\com.st.stm32cube.ide.mcu.externaltools.gnu-tools-for-stm32.11.3.rel1.win32_1.1.1.202309131626\tools\bin/../lib/gcc/arm-none-eabi/11.3.1/../../../../arm-none-eabi/include/c++/11.3.1/initializer_list:75:7:constexpr const _E* std::initializer_list<_E>::begin() const [with _E = unsigned char]	16	static
C:\ST\STM32CubeIDE_1.13.2\STM32CubeIDE\plugins\com.st.stm32cube.ide.mcu.externaltools.gnu-tools-for-stm32.11.3.rel1.win32_1.1.1.202309131626\tools\bin/../lib/gcc/arm-none-eabi/11.3.1/../../../../arm-none-eabi/include/c++/11.3.1/initializer_list:79:7:constexpr const _E* std::initializer_list<_E>::end() const [with _E = unsigned char]	24	static
C:\ST\STM32CubeIDE_1.13.2\STM32CubeIDE\plugins\com.st.stm32cube.ide.mcu.externaltools.gnu-tools-for-stm32.11.3.rel1.win32_1.1.1.202309131626\tools\bin/../lib/gcc/arm-none-eabi/11.3.1/../../../../arm-none-eabi/include/c++/11.3.1/bits/stl_algobase.h:611:5:_OI std::copy(_II, _II, _OI) [with _II = const unsigned char*; _OI = unsigned char*]	32	static
C:\ST\STM32CubeIDE_1.13.2\STM32CubeIDE\plugins\com.st.stm32cube.ide.mcu.externaltools.gnu-tools-for-stm32.11.3.rel1.win32_1.1.1.202309131626\tools\arm-none-eabi\include\c++\11.3.1\bits\shared_ptr_base.h:1295:7:std::__shared_ptr<_Tp, _Lp>::element_type* std::__shared_ptr<_Tp, _Lp>::get() const [with _Tp = unsigned char; __gnu_cxx::_Lock_policy _Lp = __gnu_cxx::_S_single]	16	static
C:\ST\STM32CubeIDE_1.13.2\STM32CubeIDE\plugins\com.st.stm32cube.ide.mcu.externaltools.gnu-tools-for-stm32.11.3.rel1.win32_1.1.1.202309131626\tools\bin/../lib/gcc/arm-none-eabi/11.3.1/../../../../arm-none-eabi/include/c++/11.3.1/array:60:7:static constexpr _Tp* std::__array_traits<_Tp, _Nm>::_S_ptr(const _Tp (&)[_Nm]) [with _Tp = unsigned char; unsigned int _Nm = 4]	16	static
C:\ST\STM32CubeIDE_1.13.2\STM32CubeIDE\plugins\com.st.stm32cube.ide.mcu.externaltools.gnu-tools-for-stm32.11.3.rel1.win32_1.1.1.202309131626\tools\bin/../lib/gcc/arm-none-eabi/11.3.1/../../../../arm-none-eabi/include/c++/11.3.1/bits/std_function.h:386:7:)>&) [with _Res = void; _ArgTypes = {desenet::NetworkInterfaceDriver&, long unsigned int, const unsigned char*, unsigned int}]	16	static
C:\ST\STM32CubeIDE_1.13.2\STM32CubeIDE\plugins\com.st.stm32cube.ide.mcu.externaltools.gnu-tools-for-stm32.11.3.rel1.win32_1.1.1.202309131626\tools\bin/../lib/gcc/arm-none-eabi/11.3.1/../../../../arm-none-eabi/include/c++/11.3.1/bits/std_function.h:555:12:)>&) [with _Res = void; _ArgTypes = {desenet::NetworkInterfaceDriver&, long unsigned int, const unsigned char*, unsigned int}]	16	static
C:\ST\STM32CubeIDE_1.13.2\STM32CubeIDE\plugins\com.st.stm32cube.ide.mcu.externaltools.gnu-tools-for-stm32.11.3.rel1.win32_1.1.1.202309131626\tools\bin/../lib/gcc/arm-none-eabi/11.3.1/../../../../arm-none-eabi/include/c++/11.3.1/bits/move.h:77:5:constexpr _Tp&& std::forward(typename std::remove_reference<_Tp>::type&) [with _Tp = desenet::NetworkInterfaceDriver&]	16	static
C:\ST\STM32CubeIDE_1.13.2\STM32CubeIDE\plugins\com.st.stm32cube.ide.mcu.externaltools.gnu-tools-for-stm32.11.3.rel1.win32_1.1.1.202309131626\tools\bin/../lib/gcc/arm-none-eabi/11.3.1/../../../../arm-none-eabi/include/c++/11.3.1/bits/move.h:77:5:constexpr _Tp&& std::forward(typename std::remove_reference<_Tp>::type&) [with _Tp = long unsigned int]	16	static
C:\ST\STM32CubeIDE_1.13.2\STM32CubeIDE\plugins\com.st.stm32cube.ide.mcu.externaltools.gnu-tools-for-stm32.11.3.rel1.win32_1.1.1.202309131626\tools\bin/../lib/gcc/arm-none-eabi/11.3.1/../../../../arm-none-eabi/include/c++/11.3.1/bits/move.h:77:5:constexpr _Tp&& std::forward(typename std::remove_reference<_Tp>::type&) [with _Tp = const unsigned char*]	16	static
C:\ST\STM32CubeIDE_1.13.2\STM32CubeIDE\plugins\com.st.stm32cube.ide.mcu.externaltools.gnu-tools-for-stm32.11.3.rel1.win32_1.1.1.202309131626\tools\bin/../lib/gcc/arm-none-eabi/11.3.1/../../../../arm-none-eabi/include/c++/11.3.1/bits/move.h:77:5:constexpr _Tp&& std::forward(typename std::remove_reference<_Tp>::type&) [with _Tp = unsigned int]	16	static
C:\ST\STM32CubeIDE_1.13.2\STM32CubeIDE\plugins\com.st.stm32cube.ide.mcu.externaltools.gnu-tools-for-stm32.11.3.rel1.win32_1.1.1.202309131626\tools\arm-none-eabi\include\c++\11.3.1\bits\cpp_type_traits.h:560:5:_Iterator std::__miter_base(_Iterator) [with _Iterator = const unsigned char*]	16	static
C:\ST\STM32CubeIDE_1.13.2\STM32CubeIDE\plugins\com.st.stm32cube.ide.mcu.externaltools.gnu-tools-for-stm32.11.3.rel1.win32_1.1.1.202309131626\tools\bin/../lib/gcc/arm-none-eabi/11.3.1/../../../../arm-none-eabi/include/c++/11.3.1/bits/stl_algobase.h:527:5:_OI std::__copy_move_a(_II, _II, _OI) [with bool _IsMove = false; _II = const unsigned char*; _OI = unsigned char*]	32	static
C:\ST\STM32CubeIDE_1.13.2\STM32CubeIDE\plugins\com.st.stm32cube.ide.mcu.externaltools.gnu-tools-for-stm32.11.3.rel1.win32_1.1.1.202309131626\tools\bin/../lib/gcc/arm-none-eabi/11.3.1/../../../../arm-none-eabi/include/c++/11.3.1/bits/move.h:104:5:constexpr typename std::remove_reference<_Tp>::type&& std::move(_Tp&&) [with _Tp = std::_Any_data&]	16	static
C:\ST\STM32CubeIDE_1.13.2\STM32CubeIDE\plugins\com.st.stm32cube.ide.mcu.externaltools.gnu-tools-for-stm32.11.3.rel1.win32_1.1.1.202309131626\tools\bin/../lib/gcc/arm-none-eabi/11.3.1/../../../../arm-none-eabi/include/c++/11.3.1/bits/move.h:196:5:std::_Require<std::__not_<std::__is_tuple_like<_Tp> >, std::is_move_constructible<_Tp>, std::is_move_assignable<_Tp> > std::swap(_Tp&, _Tp&) [with _Tp = std::_Any_data]	24	static
C:\ST\STM32CubeIDE_1.13.2\STM32CubeIDE\plugins\com.st.stm32cube.ide.mcu.externaltools.gnu-tools-for-stm32.11.3.rel1.win32_1.1.1.202309131626\tools\bin/../lib/gcc/arm-none-eabi/11.3.1/../../../../arm-none-eabi/include/c++/11.3.1/bits/move.h:104:5:constexpr typename std::remove_reference<_Tp>::type&& std::move(_Tp&&) [with _Tp = bool (*&)(std::_Any_data&, const std::_Any_data&, std::_Manager_operation)]	16	static
C:\ST\STM32CubeIDE_1.13.2\STM32CubeIDE\plugins\com.st.stm32cube.ide.mcu.externaltools.gnu-tools-for-stm32.11.3.rel1.win32_1.1.1.202309131626\tools\bin/../lib/gcc/arm-none-eabi/11.3.1/../../../../arm-none-eabi/include/c++/11.3.1/bits/move.h:196:5:std::_Require<std::__not_<std::__is_tuple_like<_Tp> >, std::is_move_constructible<_Tp>, std::is_move_assignable<_Tp> > std::swap(_Tp&, _Tp&) [with _Tp = bool (*)(std::_Any_data&, const std::_Any_data&, std::_Manager_operation)]	24	static
C:\ST\STM32CubeIDE_1.13.2\STM32CubeIDE\plugins\com.st.stm32cube.ide.mcu.externaltools.gnu-tools-for-stm32.11.3.rel1.win32_1.1.1.202309131626\tools\bin/../lib/gcc/arm-none-eabi/11.3.1/../../../../arm-none-eabi/include/c++/11.3.1/bits/move.h:104:5:constexpr typename std::remove_reference<_Tp>::type&& std::move(_Tp&&) [with _Tp = void (*&)(const std::_Any_data&, desenet::NetworkInterfaceDriver&, long unsigned int&&, const unsigned char*&&, unsigned int&&)]	16	static
C:\ST\STM32CubeIDE_1.13.2\STM32CubeIDE\plugins\com.st.stm32cube.ide.mcu.externaltools.gnu-tools-for-stm32.11.3.rel1.win32_1.1.1.202309131626\tools\bin/../lib/gcc/arm-none-eabi/11.3.1/../../../../arm-none-eabi/include/c++/11.3.1/bits/move.h:196:5:std::_Require<std::__not_<std::__is_tuple_like<_Tp> >, std::is_move_constructible<_Tp>, std::is_move_assignable<_Tp> > std::swap(_Tp&, _Tp&) [with _Tp = void (*)(const std::_Any_data&, desenet::NetworkInterfaceDriver&, long unsigned int&&, const unsigned char*&&, unsigned int&&)]	24	static
C:\ST\STM32CubeIDE_1.13.2\STM32CubeIDE\plugins\com.st.stm32cube.ide.mcu.externaltools.gnu-tools-for-stm32.11.3.rel1.win32_1.1.1.202309131626\tools\bin/../lib/gcc/arm-none-eabi/11.3.1/../../../../arm-none-eabi/include/c++/11.3.1/bits/stl_algobase.h:313:5:_Iterator std::__niter_base(_Iterator) [with _Iterator = const unsigned char*]	16	static
C:\ST\STM32CubeIDE_1.13.2\STM32CubeIDE\plugins\com.st.stm32cube.ide.mcu.externaltools.gnu-tools-for-stm32.11.3.rel1.win32_1.1.1.202309131626\tools\bin/../lib/gcc/arm-none-eabi/11.3.1/../../../../arm-none-eabi/include/c++/11.3.1/bits/stl_algobase.h:313:5:_Iterator std::__niter_base(_Iterator) [with _Iterator = unsigned char*]	16	static
C:\ST\STM32CubeIDE_1.13.2\STM32CubeIDE\plugins\com.st.stm32cube.ide.mcu.externaltools.gnu-tools-for-stm32.11.3.rel1.win32_1.1.1.202309131626\tools\bin/../lib/gcc/arm-none-eabi/11.3.1/../../../../arm-none-eabi/include/c++/11.3.1/bits/stl_algobase.h:521:5:_OI std::__copy_move_a1(_II, _II, _OI) [with bool _IsMove = false; _II = const unsigned char*; _OI = unsigned char*]	24	static
C:\ST\STM32CubeIDE_1.13.2\STM32CubeIDE\plugins\com.st.stm32cube.ide.mcu.externaltools.gnu-tools-for-stm32.11.3.rel1.win32_1.1.1.202309131626\tools\bin/../lib/gcc/arm-none-eabi/11.3.1/../../../../arm-none-eabi/include/c++/11.3.1/bits/stl_algobase.h:335:5:_Iterator std::__niter_wrap(const _Iterator&, _Iterator) [with _Iterator = unsigned char*]	16	static
C:\ST\STM32CubeIDE_1.13.2\STM32CubeIDE\plugins\com.st.stm32cube.ide.mcu.externaltools.gnu-tools-for-stm32.11.3.rel1.win32_1.1.1.202309131626\tools\bin/../lib/gcc/arm-none-eabi/11.3.1/../../../../arm-none-eabi/include/c++/11.3.1/bits/stl_algobase.h:486:5:_OI std::__copy_move_a2(_II, _II, _OI) [with bool _IsMove = false; _II = const unsigned char*; _OI = unsigned char*]	24	static
C:\ST\STM32CubeIDE_1.13.2\STM32CubeIDE\plugins\com.st.stm32cube.ide.mcu.externaltools.gnu-tools-for-stm32.11.3.rel1.win32_1.1.1.202309131626\tools\bin/../lib/gcc/arm-none-eabi/11.3.1/../../../../arm-none-eabi/include/c++/11.3.1/bits/stl_algobase.h:420:2:static _Tp* std::__copy_move<_IsMove, true, std::random_access_iterator_tag>::__copy_m(const _Tp*, const _Tp*, _Tp*) [with _Tp = unsigned char; bool _IsMove = false]	32	static
C:/Users/stues/Documents/DESEM/7_Project/DESEM_project/work/desenet-sensor/src/common/platform/nucleo-stm32l476rg/desenet/nrftransceiverdriver.cpp:98:1:void __static_initialization_and_destruction_0(int, int)	40	static
C:/Users/stues/Documents/DESEM/7_Project/DESEM_project/work/desenet-sensor/src/common/mdw/desenet/address.hpp:56:10:phy::Address<size>::~Address() [with unsigned int size = 4]	16	static
C:/Users/stues/Documents/DESEM/7_Project/DESEM_project/work/desenet-sensor/src/common/mdw/desenet/address.hpp:56:10:phy::Address<size>::~Address() [with unsigned int size = 4]	16	static
C:/Users/stues/Documents/DESEM/7_Project/DESEM_project/work/desenet-sensor/src/common/platform/nucleo-stm32l476rg/desenet/nrftransceiverdriver.cpp:98:1:cpp)	8	static
C:/Users/stues/Documents/DESEM/7_Project/DESEM_project/work/desenet-sensor/src/common/platform/nucleo-stm32l476rg/desenet/nrftransceiverdriver.cpp:98:1:cpp)	8	static
