C:\ST\STM32CubeIDE_1.13.2\STM32CubeIDE\plugins\com.st.stm32cube.ide.mcu.externaltools.gnu-tools-for-stm32.11.3.rel1.win32_1.1.1.202309131626\tools\arm-none-eabi\include\c++\11.3.1\arm-none-eabi\thumb\v7e-m+fp\hard\bits\gthr-default.h:229:1:int __gthread_key_delete(__gthread_key_t)	16	static
C:\ST\STM32CubeIDE_1.13.2\STM32CubeIDE\plugins\com.st.stm32cube.ide.mcu.externaltools.gnu-tools-for-stm32.11.3.rel1.win32_1.1.1.202309131626\tools\arm-none-eabi\include\c++\11.3.1\bits\shared_ptr_base.h:279:5:void std::_Sp_counted_base<_Lp>::_M_release() [with __gnu_cxx::_Lock_policy _Lp = __gnu_cxx::_S_single]	16	static
C:\ST\STM32CubeIDE_1.13.2\STM32CubeIDE\plugins\com.st.stm32cube.ide.mcu.externaltools.gnu-tools-for-stm32.11.3.rel1.win32_1.1.1.202309131626\tools\bin/../lib/gcc/arm-none-eabi/11.3.1/../../../../arm-none-eabi/include/c++/11.3.1/initializer_list:71:7:constexpr std::initializer_list<_E>::size_type std::initializer_list<_E>::size() const [with _E = unsigned char]	16	static
C:\ST\STM32CubeIDE_1.13.2\STM32CubeIDE\plugins\com.st.stm32cube.ide.mcu.externaltools.gnu-tools-for-stm32.11.3.rel1.win32_1.1.1.202309131626\tools\bin/../lib/gcc/arm-none-eabi/11.3.1/../../../../arm-none-eabi/include/c++/11.3.1/initializer_list:75:7:constexpr const _E* std::initializer_list<_E>::begin() const [with _E = unsigned char]	16	static
C:/Users/stues/Documents/DESEM/7_Project/DESEM_project/work/desenet-sensor/src/common/platform/platform-common/board/interfaces/imonochromedisplay.h:60:10:IMonochromeDisplay::Point::Point(std::initializer_list<unsigned char>)	32	static
C:/Users/stues/Documents/DESEM/7_Project/DESEM_project/work/desenet-sensor/src/common/platform/platform-common/board/interfaces/ijoystickobserver.h:18:10:IJoystickObserver::~IJoystickObserver()	16	static
C:/Users/stues/Documents/DESEM/7_Project/DESEM_project/work/desenet-sensor/src/common/platform/platform-common/board/interfaces/ijoystickobserver.h:18:10:virtual IJoystickObserver::~IJoystickObserver()	16	static
C:\ST\STM32CubeIDE_1.13.2\STM32CubeIDE\plugins\com.st.stm32cube.ide.mcu.externaltools.gnu-tools-for-stm32.11.3.rel1.win32_1.1.1.202309131626\tools\arm-none-eabi\include\c++\11.3.1\bits\shared_ptr_base.h:1154:7:std::__shared_ptr<_Tp, _Lp>::~__shared_ptr() [with _Tp = unsigned char; __gnu_cxx::_Lock_policy _Lp = __gnu_cxx::_S_single]	16	static
C:\ST\STM32CubeIDE_1.13.2\STM32CubeIDE\plugins\com.st.stm32cube.ide.mcu.externaltools.gnu-tools-for-stm32.11.3.rel1.win32_1.1.1.202309131626\tools\bin/../lib/gcc/arm-none-eabi/11.3.1/../../../../arm-none-eabi/include/c++/11.3.1/bits/shared_ptr.h:122:11:std::shared_ptr<unsigned char>::~shared_ptr()	16	static
C:/Users/stues/Documents/DESEM/7_Project/DESEM_project/work/desenet-sensor/src/common/mdw/containers/sharedbuffer.hpp:25:11:hei::SharedBuffer<unsigned char>::~SharedBuffer()	16	static
C:/Users/stues/Documents/DESEM/7_Project/DESEM_project/work/desenet-sensor/src/common/mdw/desenet/sensor/abstractapplication.h:24:17:desenet::sensor::AbstractApplication::~AbstractApplication()	16	static
C:/Users/stues/Documents/DESEM/7_Project/DESEM_project/work/desenet-sensor/src/common/mdw/desenet/sensor/abstractapplication.h:24:17:virtual desenet::sensor::AbstractApplication::~AbstractApplication()	16	static
C:/Users/stues/Documents/DESEM/7_Project/DESEM_project/work/desenet-sensor/src/common/platform/nucleo-stm32l476rg/board/accel/accelerometer.h:14:2:board::Accelerometer::Accelerometer()	16	static
C:/Users/stues/Documents/DESEM/7_Project/DESEM_project/work/desenet-sensor/src/common/platform/nucleo-stm32l476rg/board/accel/accelerometer.h:15:2:board::Accelerometer::~Accelerometer()	16	static
C:/Users/stues/Documents/DESEM/7_Project/DESEM_project/work/desenet-sensor/src/common/mdw/clockwork/clockwork.h:20:7:void Clockwork::initialize()	16	static
C:/Users/stues/Documents/DESEM/7_Project/DESEM_project/work/desenet-sensor/src/app/factory.h:46:22:static app::Factory& app::Factory::instance()	8	static
C:/Users/stues/Documents/DESEM/7_Project/DESEM_project/work/desenet-sensor/src/app/factory.cpp:26:1:app::Factory::Factory(int, char**)	32	static
C:/Users/stues/Documents/DESEM/7_Project/DESEM_project/work/desenet-sensor/src/app/factory.cpp:63:6:void app::Factory::buildApplication()	96	static
C:/Users/stues/Documents/DESEM/7_Project/DESEM_project/work/desenet-sensor/src/app/factory.cpp:139:42:void __tcf_0()	8	static
C:/Users/stues/Documents/DESEM/7_Project/DESEM_project/work/desenet-sensor/src/app/factory.cpp:137:33:app::AccelerometerApplication& app::Factory::accelerometerApplication() const	16	static
C:/Users/stues/Documents/DESEM/7_Project/DESEM_project/work/desenet-sensor/src/app/factory.cpp:147:37:void __tcf_1()	8	static
C:/Users/stues/Documents/DESEM/7_Project/DESEM_project/work/desenet-sensor/src/app/factory.cpp:146:28:app::JoystickApplication& app::Factory::joystickApplication() const	16	static
C:/Users/stues/Documents/DESEM/7_Project/DESEM_project/work/desenet-sensor/src/app/factory.cpp:152:33:void __tcf_2()	8	static
C:/Users/stues/Documents/DESEM/7_Project/DESEM_project/work/desenet-sensor/src/app/factory.cpp:150:24:board::Accelerometer& app::Factory::accelerometer() const	16	static
C:/Users/stues/Documents/DESEM/7_Project/DESEM_project/work/desenet-sensor/src/app/factory.cpp:158:19:board::Joystick& app::Factory::joystick() const	16	static
C:/Users/stues/Documents/DESEM/7_Project/DESEM_project/work/desenet-sensor/src/app/factory.cpp:165:16:void __tcf_3()	8	static
C:/Users/stues/Documents/DESEM/7_Project/DESEM_project/work/desenet-sensor/src/app/factory.cpp:163:7:desenet::sensor::Net& app::Factory::net() const	16	static
C:/Users/stues/Documents/DESEM/7_Project/DESEM_project/work/desenet-sensor/src/app/factory.cpp:172:22:void __tcf_4()	8	static
C:/Users/stues/Documents/DESEM/7_Project/DESEM_project/work/desenet-sensor/src/app/factory.cpp:170:13:Clockwork& app::Factory::clockwork() const	16	static
C:/Users/stues/Documents/DESEM/7_Project/DESEM_project/work/desenet-sensor/src/app/factory.cpp:177:24:board::LedController& app::Factory::ledController() const	16	static
C:/Users/stues/Documents/DESEM/7_Project/DESEM_project/work/desenet-sensor/src/app/factory.cpp:185:26:void __tcf_5()	8	static
C:/Users/stues/Documents/DESEM/7_Project/DESEM_project/work/desenet-sensor/src/app/factory.cpp:183:17:SimpleDisplay& app::Factory::display()	16	static
C:/Users/stues/Documents/DESEM/7_Project/DESEM_project/work/desenet-sensor/src/app/factory.cpp:193:6:void Factory_init(int, char**)	16	static
C:/Users/stues/Documents/DESEM/7_Project/DESEM_project/work/desenet-sensor/src/app/factory.cpp:198:6:void Factory_buildApplication()	8	static
C:/Users/stues/Documents/DESEM/7_Project/DESEM_project/work/desenet-sensor/src/common/mdw/desenet/address.hpp:47:2:phy::Address<size>::Address(std::initializer_list<unsigned char>) [with unsigned int size = 4]	32	static
C:\ST\STM32CubeIDE_1.13.2\STM32CubeIDE\plugins\com.st.stm32cube.ide.mcu.externaltools.gnu-tools-for-stm32.11.3.rel1.win32_1.1.1.202309131626\tools\arm-none-eabi\include\c++\11.3.1\bits\shared_ptr_base.h:702:7:std::__shared_count<_Lp>::~__shared_count() [with __gnu_cxx::_Lock_policy _Lp = __gnu_cxx::_S_single]	16	static
C:\ST\STM32CubeIDE_1.13.2\STM32CubeIDE\plugins\com.st.stm32cube.ide.mcu.externaltools.gnu-tools-for-stm32.11.3.rel1.win32_1.1.1.202309131626\tools\bin/../lib/gcc/arm-none-eabi/11.3.1/../../../../arm-none-eabi/include/c++/11.3.1/initializer_list:79:7:constexpr const _E* std::initializer_list<_E>::end() const [with _E = unsigned char]	24	static
C:\ST\STM32CubeIDE_1.13.2\STM32CubeIDE\plugins\com.st.stm32cube.ide.mcu.externaltools.gnu-tools-for-stm32.11.3.rel1.win32_1.1.1.202309131626\tools\bin/../lib/gcc/arm-none-eabi/11.3.1/../../../../arm-none-eabi/include/c++/11.3.1/bits/stl_algobase.h:611:5:_OI std::copy(_II, _II, _OI) [with _II = const unsigned char*; _OI = unsigned char*]	32	static
C:\ST\STM32CubeIDE_1.13.2\STM32CubeIDE\plugins\com.st.stm32cube.ide.mcu.externaltools.gnu-tools-for-stm32.11.3.rel1.win32_1.1.1.202309131626\tools\arm-none-eabi\include\c++\11.3.1\bits\cpp_type_traits.h:560:5:_Iterator std::__miter_base(_Iterator) [with _Iterator = const unsigned char*]	16	static
C:\ST\STM32CubeIDE_1.13.2\STM32CubeIDE\plugins\com.st.stm32cube.ide.mcu.externaltools.gnu-tools-for-stm32.11.3.rel1.win32_1.1.1.202309131626\tools\bin/../lib/gcc/arm-none-eabi/11.3.1/../../../../arm-none-eabi/include/c++/11.3.1/bits/stl_algobase.h:527:5:_OI std::__copy_move_a(_II, _II, _OI) [with bool _IsMove = false; _II = const unsigned char*; _OI = unsigned char*]	32	static
C:\ST\STM32CubeIDE_1.13.2\STM32CubeIDE\plugins\com.st.stm32cube.ide.mcu.externaltools.gnu-tools-for-stm32.11.3.rel1.win32_1.1.1.202309131626\tools\bin/../lib/gcc/arm-none-eabi/11.3.1/../../../../arm-none-eabi/include/c++/11.3.1/bits/stl_algobase.h:313:5:_Iterator std::__niter_base(_Iterator) [with _Iterator = const unsigned char*]	16	static
C:\ST\STM32CubeIDE_1.13.2\STM32CubeIDE\plugins\com.st.stm32cube.ide.mcu.externaltools.gnu-tools-for-stm32.11.3.rel1.win32_1.1.1.202309131626\tools\bin/../lib/gcc/arm-none-eabi/11.3.1/../../../../arm-none-eabi/include/c++/11.3.1/bits/stl_algobase.h:313:5:_Iterator std::__niter_base(_Iterator) [with _Iterator = unsigned char*]	16	static
C:\ST\STM32CubeIDE_1.13.2\STM32CubeIDE\plugins\com.st.stm32cube.ide.mcu.externaltools.gnu-tools-for-stm32.11.3.rel1.win32_1.1.1.202309131626\tools\bin/../lib/gcc/arm-none-eabi/11.3.1/../../../../arm-none-eabi/include/c++/11.3.1/bits/stl_algobase.h:521:5:_OI std::__copy_move_a1(_II, _II, _OI) [with bool _IsMove = false; _II = const unsigned char*; _OI = unsigned char*]	24	static
C:\ST\STM32CubeIDE_1.13.2\STM32CubeIDE\plugins\com.st.stm32cube.ide.mcu.externaltools.gnu-tools-for-stm32.11.3.rel1.win32_1.1.1.202309131626\tools\bin/../lib/gcc/arm-none-eabi/11.3.1/../../../../arm-none-eabi/include/c++/11.3.1/bits/stl_algobase.h:335:5:_Iterator std::__niter_wrap(const _Iterator&, _Iterator) [with _Iterator = unsigned char*]	16	static
C:\ST\STM32CubeIDE_1.13.2\STM32CubeIDE\plugins\com.st.stm32cube.ide.mcu.externaltools.gnu-tools-for-stm32.11.3.rel1.win32_1.1.1.202309131626\tools\bin/../lib/gcc/arm-none-eabi/11.3.1/../../../../arm-none-eabi/include/c++/11.3.1/bits/stl_algobase.h:486:5:_OI std::__copy_move_a2(_II, _II, _OI) [with bool _IsMove = false; _II = const unsigned char*; _OI = unsigned char*]	24	static
C:\ST\STM32CubeIDE_1.13.2\STM32CubeIDE\plugins\com.st.stm32cube.ide.mcu.externaltools.gnu-tools-for-stm32.11.3.rel1.win32_1.1.1.202309131626\tools\bin/../lib/gcc/arm-none-eabi/11.3.1/../../../../arm-none-eabi/include/c++/11.3.1/bits/stl_algobase.h:420:2:static _Tp* std::__copy_move<_IsMove, true, std::random_access_iterator_tag>::__copy_m(const _Tp*, const _Tp*, _Tp*) [with _Tp = unsigned char; bool _IsMove = false]	32	static
C:/Users/stues/Documents/DESEM/7_Project/DESEM_project/work/desenet-sensor/src/app/factory.cpp:201:1:void __static_initialization_and_destruction_0(int, int)	40	static
C:/Users/stues/Documents/DESEM/7_Project/DESEM_project/work/desenet-sensor/ide-stm32cubeide/../src/app/joystickapplication.h:11:11:app::JoystickApplication::~JoystickApplication()	16	static
C:/Users/stues/Documents/DESEM/7_Project/DESEM_project/work/desenet-sensor/ide-stm32cubeide/../src/app/joystickapplication.h:11:11:virtual app::JoystickApplication::~JoystickApplication()	16	static
C:/Users/stues/Documents/DESEM/7_Project/DESEM_project/work/desenet-sensor/src/common/mdw/desenet/address.hpp:56:10:phy::Address<size>::~Address() [with unsigned int size = 4]	16	static
C:/Users/stues/Documents/DESEM/7_Project/DESEM_project/work/desenet-sensor/src/common/mdw/desenet/address.hpp:56:10:phy::Address<size>::~Address() [with unsigned int size = 4]	16	static
C:/Users/stues/Documents/DESEM/7_Project/DESEM_project/work/desenet-sensor/src/app/factory.cpp:201:1:cpp)	8	static
C:/Users/stues/Documents/DESEM/7_Project/DESEM_project/work/desenet-sensor/src/app/factory.cpp:201:1:cpp)	8	static
